
> gabinete-carol@0.1.0 build
> next build

Ôû▓ Next.js 16.1.6 (Turbopack)
- Environments: .env.local

node.exe : ÔÜá The "middleware" 
file convention is deprecated. 
Please use "proxy" instead. Learn 
more: https://nextjs.org/docs/mess
ages/middleware-to-proxy
No linha:1 caractere:1
+ & "C:\Program 
Files\nodejs/node.exe" 
"C:\Program Files\nodejs/node_mo 
...
+ ~~~~~~~~~~~~~~~~~~~~~~~~~~~~~~~~
~~~~~~~~~~~~~~~~~~~~~~~~~~~~~~~~~~
~~~
    + CategoryInfo          : Not 
   Specified: (ÔÜá The "middle..  
  .leware-to-proxy:String) [],    
 RemoteException
    + FullyQualifiedErrorId : Nat 
   iveCommandError
 
  Creating an optimized production build ...
Ô£ô Compiled successfully in 4.9s
  Running TypeScript ...
Failed to compile.

./src/app/(dashboard)/indicacoes/c
omponents/campo-kanban.tsx:205:11
Type error: Type 'IndicacaoCampo' 
is not assignable to type 
'Indicacao'.
  Types of property 
'classificacao' are incompatible.
    Type 'string | null' is not 
assignable to type 'string | 
undefined'.
      Type 'null' is not 
assignable to type 'string | 
undefined'.

[0m [90m 203 |[39m       
{modalIndicacao [33m&&[39m (
 [90m 204 |[39m         [33m<[
39m[33mGerarProtocolarModal[39m
[31m[1m>[22m[39m[90m 205 
|[39m           indicacao[33m=[
39m{modalIndicacao}
 [90m     |[39m           
[31m[1m^[22m[39m
 [90m 206 |[39m           
onClose[33m=[39m{() 
[33m=>[39m 
setModalIndicacao([36mnull[39m)}
 [90m 207 |[39m           
onSuccess[33m=[39m{() 
[33m=>[39m {
 [90m 208 |[39m             setM
odalIndicacao([36mnull[39m)[33m
;[39m[0m
Next.js build worker exited with 
code: 1 and signal: null
